[0m19:52:24.149738 [debug] [MainThread]: Sending event: {'category': 'dbt', 'action': 'invocation', 'label': 'start', 'context': [<snowplow_tracker.self_describing_json.SelfDescribingJson object at 0x75183e86b1d0>, <snowplow_tracker.self_describing_json.SelfDescribingJson object at 0x75183e8698b0>, <snowplow_tracker.self_describing_json.SelfDescribingJson object at 0x75183fe74470>]}


============================== 19:52:24.156251 | 5b5f1bb0-1e66-4be2-b241-1882429bae4e ==============================
[0m19:52:24.156251 [info ] [MainThread]: Running with dbt=1.9.0
[0m19:52:24.156654 [debug] [MainThread]: running dbt with arguments {'printer_width': '80', 'indirect_selection': 'eager', 'log_cache_events': 'False', 'write_json': 'True', 'partial_parse': 'True', 'cache_selected_only': 'False', 'warn_error': 'None', 'debug': 'False', 'version_check': 'True', 'log_path': 'logs', 'fail_fast': 'False', 'profiles_dir': '/root/.dbt', 'use_colors': 'True', 'use_experimental_parser': 'False', 'no_print': 'None', 'quiet': 'False', 'empty': 'None', 'warn_error_options': 'WarnErrorOptions(include=[], exclude=[])', 'invocation_command': 'dbt init my_project', 'static_parser': 'True', 'introspect': 'True', 'target_path': 'None', 'log_format': 'default', 'send_anonymous_usage_stats': 'True'}
[0m19:52:24.197685 [warn ] [MainThread]: [ConfigFolderDirectory]: Unable to parse logging event dictionary. Failed to parse dir field: expected string or bytes-like object, got 'PosixPath'.. Dictionary: {'dir': PosixPath('/root/.dbt')}
[0m19:52:24.198111 [info ] [MainThread]: Creating dbt configuration folder at 
[0m19:52:24.201081 [debug] [MainThread]: Starter project path: /usr/local/lib/python3.12/site-packages/dbt/include/starter_project
[0m19:52:24.208762 [info ] [MainThread]: 
Your new dbt project "my_project" was created!

For more information on how to configure the profiles.yml file,
please consult the dbt documentation here:

  https://docs.getdbt.com/docs/configure-your-profile

One more thing:

Need help? Don't hesitate to reach out to us via GitHub issues or on Slack:

  https://community.getdbt.com/

Happy modeling!

[0m19:52:24.209084 [info ] [MainThread]: Setting up your profile.
[0m19:54:04.521855 [info ] [MainThread]: Profile my_project written to /root/.dbt/profiles.yml using target's profile_template.yml and your supplied values. Run 'dbt debug' to validate the connection.
[0m19:54:04.523368 [debug] [MainThread]: Resource report: {"command_name": "init", "command_success": true, "command_wall_clock_time": 100.42165, "process_in_blocks": "94040", "process_kernel_time": 0.335769, "process_mem_max_rss": "91832", "process_out_blocks": "1544", "process_user_time": 1.054712}
[0m19:54:04.523797 [debug] [MainThread]: Command `dbt init` succeeded at 19:54:04.523708 after 100.42 seconds
[0m19:54:04.524093 [debug] [MainThread]: Sending event: {'category': 'dbt', 'action': 'invocation', 'label': 'end', 'context': [<snowplow_tracker.self_describing_json.SelfDescribingJson object at 0x75183de79520>, <snowplow_tracker.self_describing_json.SelfDescribingJson object at 0x75183e09f050>, <snowplow_tracker.self_describing_json.SelfDescribingJson object at 0x75183e15ce00>]}
[0m19:54:04.524455 [debug] [MainThread]: Flushing usage events
[0m19:54:04.750436 [debug] [MainThread]: An error was encountered while trying to flush usage events
[0m19:56:36.905803 [debug] [MainThread]: Sending event: {'category': 'dbt', 'action': 'invocation', 'label': 'start', 'context': [<snowplow_tracker.self_describing_json.SelfDescribingJson object at 0x7431fec61730>, <snowplow_tracker.self_describing_json.SelfDescribingJson object at 0x7431fed044d0>, <snowplow_tracker.self_describing_json.SelfDescribingJson object at 0x7431fd893050>]}


============================== 19:56:36.912995 | ce508b53-3fbe-4b14-9d1b-1f68fa936ab7 ==============================
[0m19:56:36.912995 [info ] [MainThread]: Running with dbt=1.9.0
[0m19:56:36.913469 [debug] [MainThread]: running dbt with arguments {'printer_width': '80', 'indirect_selection': 'eager', 'log_cache_events': 'False', 'write_json': 'True', 'partial_parse': 'True', 'cache_selected_only': 'False', 'warn_error': 'None', 'fail_fast': 'False', 'debug': 'False', 'log_path': 'logs', 'version_check': 'True', 'profiles_dir': '/root/.dbt', 'use_colors': 'True', 'use_experimental_parser': 'False', 'empty': 'None', 'quiet': 'False', 'no_print': 'None', 'warn_error_options': 'WarnErrorOptions(include=[], exclude=[])', 'static_parser': 'True', 'introspect': 'True', 'log_format': 'default', 'target_path': 'None', 'invocation_command': 'dbt init my_project', 'send_anonymous_usage_stats': 'True'}
[0m19:56:36.957431 [warn ] [MainThread]: [ConfigFolderDirectory]: Unable to parse logging event dictionary. Failed to parse dir field: expected string or bytes-like object, got 'PosixPath'.. Dictionary: {'dir': PosixPath('/root/.dbt')}
[0m19:56:36.957855 [info ] [MainThread]: Creating dbt configuration folder at 
[0m19:56:36.959487 [info ] [MainThread]: A project called my_project already exists here.
[0m19:56:36.960261 [debug] [MainThread]: Resource report: {"command_name": "init", "command_success": true, "command_wall_clock_time": 0.09907777, "process_in_blocks": "51000", "process_kernel_time": 0.301366, "process_mem_max_rss": "87192", "process_out_blocks": "1480", "process_user_time": 0.975475}
[0m19:56:36.960652 [debug] [MainThread]: Command `dbt init` succeeded at 19:56:36.960572 after 0.10 seconds
[0m19:56:36.960905 [debug] [MainThread]: Sending event: {'category': 'dbt', 'action': 'invocation', 'label': 'end', 'context': [<snowplow_tracker.self_describing_json.SelfDescribingJson object at 0x7431fd408170>, <snowplow_tracker.self_describing_json.SelfDescribingJson object at 0x7431fcd6bd70>, <snowplow_tracker.self_describing_json.SelfDescribingJson object at 0x7431fd7ea0c0>]}
[0m19:56:36.961179 [debug] [MainThread]: Flushing usage events
[0m19:56:37.160864 [debug] [MainThread]: An error was encountered while trying to flush usage events
